
> recall-radar@0.1.0 build
> next build

Ôû▓ Next.js 16.1.4 (Turbopack)
- Environments: .env.local

  Creating an optimized production build ...
node.exe : Error: 
Cannot apply unknown 
utility class 
`gov-shadow`
Au caractère 
D:\Program Files\node
js\npm.ps1:29 : 3
+   & $NODE_EXE 
$NPM_CLI_JS $args
+   ~~~~~~~~~~~~~~~~~
~~~~~~~~~~~~
    + CategoryInfo   
           : NotSpe  
  cified: (Error:    
 Cannot a...ss `g    
ov-shadow`:Strin    
g) [], RemoteExc    
eption
    + FullyQualified 
   ErrorId : Native  
  CommandError
 
    [2m[at 
onInvalidCandidate (D
:\algolia_AI-powered 
Web Intelligence 
Dashboard for 
Decision Support\node
_modules\tailwindcss\
dist\lib.js:21:1511)]
[0m
    [2m[at Te (D:\al
golia_AI-powered Web 
Intelligence 
Dashboard for 
Decision Support\node
_modules\tailwindcss\
dist\lib.js:16:36326)
][0m
    [2m[at D:\algoli
a_AI-powered Web 
Intelligence 
Dashboard for 
Decision Support\node
_modules\tailwindcss\
dist\lib.js:21:355][
0m
    [2m[at Rr (D:\al
golia_AI-powered Web 
Intelligence 
Dashboard for 
Decision Support\node
_modules\tailwindcss\
dist\lib.js:3:1718)]
[0m
    [2m[at _ (D:\alg
olia_AI-powered Web 
Intelligence 
Dashboard for 
Decision Support\node
_modules\tailwindcss\
dist\lib.js:3:1377)]
[0m
    [2m[at $e (D:\al
golia_AI-powered Web 
Intelligence 
Dashboard for 
Decision Support\node
_modules\tailwindcss\
dist\lib.js:21:172)]
[0m
    [2m[at un (D:\al
golia_AI-powered Web 
Intelligence 
Dashboard for 
Decision Support\node
_modules\tailwindcss\
dist\lib.js:38:294)]
[0m
    [2m[at async cn 
(D:\algolia_AI-powere
d Web Intelligence 
Dashboard for 
Decision Support\node
_modules\tailwindcss\
dist\lib.js:38:631)]
[0m
    [2m[at async Xr 
(D:\algolia_AI-powere
d Web Intelligence 
Dashboard for 
Decision Support\node
_modules\@tailwindcss
\node\dist\index.js:1
0:3417)][0m
    [2m[at async I (
D:\algolia_AI-powered
 Web Intelligence 
Dashboard for 
Decision Support\node
_modules\@tailwindcss
\postcss\dist\index.j
s:10:3977)][0m

> Build error 
occurred
Error: Turbopack 
build failed with 1 
errors:
./src/app/globals.css
Error evaluating 
Node.js code
CssSyntaxError: 
tailwindcss: D:\algol
ia_AI-powered Web 
Intelligence 
Dashboard for 
Decision Support\src\
app\globals.css:1:1: 
Cannot apply unknown 
utility class 
`gov-shadow`
    at Input.error (n
ode_modules/postcss/l
ib/input.js:135:16) [
D:\algolia_AI-powered
 Web Intelligence 
Dashboard for 
Decision Support\.nex
t\build\chunks\node_m
odules_fe693df6._.js:
4651:22]
    at Root.error (no
de_modules/postcss/li
b/node.js:146:32) [D:
\algolia_AI-powered 
Web Intelligence 
Dashboard for 
Decision Support\.nex
t\build\chunks\node_m
odules_fe693df6._.js:
928:38]
    [at Object.Once (
D:\algolia_AI-powered
 Web Intelligence 
Dashboard for 
Decision Support\node
_modules\@tailwindcss
\postcss\dist\index.j
s:10:6911)]
    at async 
LazyResult.runAsync (
node_modules/postcss/
lib/lazy-result.js:29
3:11) [D:\algolia_AI-
powered Web 
Intelligence 
Dashboard for 
Decision Support\.nex
t\build\chunks\node_m
odules_fe693df6._.js:
6206:21]
    at async 
transform (turbopack:
///[turbopack-node]/t
ransforms/postcss.ts:
70:34) [D:\algolia_AI
-powered Web 
Intelligence 
Dashboard for 
Decision Support\.nex
t\build\chunks\[root-
of-the-server]__51225
daf._.js:146:36]
    at async run (tur
bopack:///[turbopack-
node]/ipc/evaluate.ts
:92:23) [D:\algolia_A
I-powered Web 
Intelligence 
Dashboard for 
Decision Support\.nex
t\build\chunks\[root-
of-the-server]__97494
1ed._.js:443:31]

Import trace:
  Client Component 
Browser:
    ./src/app/globals
.css [Client 
Component Browser]
    
./src/app/layout.tsx 
[Server Component]


    at async 
transform (turbopack:
///[turbopack-node]/t
ransforms/postcss.ts:
70:34) [D:\algolia_AI
-powered Web 
Intelligence 
Dashboard for 
Decision Support\.nex
t\build\chunks\[root-
of-the-server]__51225
daf._.js:146:36])
    at async run (tur
bopack:///[turbopack-
node]/ipc/evaluate.ts
:92:23) [D:\algolia_A
I-powered Web 
Intelligence 
Dashboard for 
Decision Support\.nex
t\build\chunks\[root-
of-the-server]__97494
1ed._.js:443:31])
